
[epik-watcher] Starting run for 2026-09-10
Domains: cryptoweed.com, epikroidsarefake.org, epikraaviolations.com, masterbucks.com, forensicexam.info

  Querying cryptoweed.com … CHANGED (1 field(s))
  Querying epikroidsarefake.org … CHANGED (5 field(s))
  Querying epikraaviolations.com … CHANGED (1 field(s))
  Querying masterbucks.com … CHANGED (1 field(s))
  Querying forensicexam.info … unchanged

  Generating reports…
  Markdown: /home/runner/work/epik_hunt/epik_hunt/reports/daily-2026-09-10.md
  JSON:     /home/runner/work/epik_hunt/epik_hunt/reports/daily-2026-09-10.json
  Sending notifications…
  No changes — email suppressed.

────────────────────────────────────────────────────────────
  Epik Watcher — Daily Run Summary  (2026-09-10)
────────────────────────────────────────────────────────────
Domain                          Status      Fields Δ  
────────────────────────────────────────────────────────────
cryptoweed.com                  CHANGED               1         
epikroidsarefake.org            ERROR                 5         
epikraaviolations.com           CHANGED               1         
masterbucks.com                 CHANGED               1         
forensicexam.info               OK          —         
────────────────────────────────────────────────────────────

  Saved last_run.json (Success: true)
